RESOURCE_PRECHECK 2026-08-31T22:45:58+08:00
openjdk version "11.0.27" 2025-04-15
              总计         已用        空闲      共享    缓冲/缓存    可用
内存：         125           4         100           0          19         119
 22:45:58 up 13 days, 13:05,  5 users,  load average: 0.10, 0.05, 0.01
START C0 50_2_3_1 20260919 2026-08-31T22:45:58+08:00
START C0 100_5_3_1 20260919 2026-08-31T22:45:58+08:00
START C0 50_2_3_1 20260920 2026-08-31T22:45:58+08:00
START C0 100_5_3_1 20260920 2026-08-31T22:45:58+08:00
START C0 50_2_3_1 20260921 2026-08-31T22:45:58+08:00
START C0 100_5_3_1 20260921 2026-08-31T22:45:58+08:00
END C0 50_2_3_1 20260919 exit=0 2026-08-31T22:47:01+08:00
END C0 50_2_3_1 20260920 exit=0 2026-08-31T22:47:11+08:00
END C0 50_2_3_1 20260921 exit=0 2026-08-31T22:47:21+08:00
END C0 100_5_3_1 20260920 exit=0 2026-08-31T22:48:02+08:00
END C0 100_5_3_1 20260921 exit=0 2026-08-31T22:48:03+08:00
END C0 100_5_3_1 20260919 exit=0 2026-08-31T22:48:04+08:00
ALL_6_RUNS_DONE 2026-08-31T22:48:04+08:00
run-GAPLSRC-C0-100_5_3_1-20260919: status=COMPLETED actualFE=96025 failures=NONE
run-GAPLSRC-C0-50_2_3_1-20260919: status=COMPLETED actualFE=96025 failures=NONE
run-GAPLSRC-C0-100_5_3_1-20260920: status=COMPLETED actualFE=96025 failures=NONE
run-GAPLSRC-C0-50_2_3_1-20260920: status=COMPLETED actualFE=96025 failures=NONE
run-GAPLSRC-C0-100_5_3_1-20260921: status=COMPLETED actualFE=96025 failures=NONE
run-GAPLSRC-C0-50_2_3_1-20260921: status=COMPLETED actualFE=96025 failures=NONE
